[    1752ms] [ERROR] Access to fetch at 'http://localhost:8000/api/corpuses' from origin 'http://localhost:3000' has been blocked by CORS policy: No 'Access-Control-Allow-Origin' header is present on the requested resource. @ http://localhost:3000/:0
[    1752ms] [ERROR] Failed to load resource: net::ERR_FAILED @ http://localhost:8000/api/corpuses:0
[    1752ms] [ERROR] API request failed: http://localhost:8000/api/corpuses TypeError: Failed to fetch
    at apiFetch (http://localhost:3000/src/services/api.ts:5:28)
    at listCorpuses (http://localhost:3000/src/services/api.ts:46:10)
    at loadCorpuses (http://localhost:3000/src/components/dropdowns/CorpusDropdown.tsx:30:28)
    at http://localhost:3000/src/components/dropdowns/CorpusDropdown.tsx:38:5
    at commitHookEffectListMount (http://localhost:3000/node_modules/.vite/deps/chunk-JHSVYIJ7.js?v=12d3c268:16963:34)
    at commitPassiveMountOnFiber (http://localhost:3000/node_modules/.vite/deps/chunk-JHSVYIJ7.js?v=12d3c268:18206:19)
    at commitPassiveMountEffects_complete (http://localhost:3000/node_modules/.vite/deps/chunk-JHSVYIJ7.js?v=12d3c268:18179:17)
    at commitPassiveMountEffects_begin (http://localhost:3000/node_modules/.vite/deps/chunk-JHSVYIJ7.js?v=12d3c268:18169:15)
    at commitPassiveMountEffects (http://localhost:3000/node_modules/.vite/deps/chunk-JHSVYIJ7.js?v=12d3c268:18159:11)
    at flushPassiveEffectsImpl (http://localhost:3000/node_modules/.vite/deps/chunk-JHSVYIJ7.js?v=12d3c268:19543:11)
    at flushPassiveEffects (http://localhost:3000/node_modules/.vite/deps/chunk-JHSVYIJ7.js?v=12d3c268:19500:22)
    at http://localhost:3000/node_modules/.vite/deps/chunk-JHSVYIJ7.js?v=12d3c268:19381:17
    at workLoop (http://localhost:3000/node_modules/.vite/deps/chunk-JHSVYIJ7.js?v=12d3c268:197:42)
    at flushWork (http://localhost:3000/node_modules/.vite/deps/chunk-JHSVYIJ7.js?v=12d3c268:176:22)
    at MessagePort.performWorkUntilDeadline (http://localhost:3000/node_modules/.vite/deps/chunk-JHSVYIJ7.js?v=12d3c268:384:29) @ http://localhost:3000/src/services/api.ts:17
[    1752ms] [ERROR] Failed to load corpuses: TypeError: Failed to fetch
    at apiFetch (http://localhost:3000/src/services/api.ts:5:28)
    at listCorpuses (http://localhost:3000/src/services/api.ts:46:10)
    at loadCorpuses (http://localhost:3000/src/components/dropdowns/CorpusDropdown.tsx:30:28)
    at http://localhost:3000/src/components/dropdowns/CorpusDropdown.tsx:38:5
    at commitHookEffectListMount (http://localhost:3000/node_modules/.vite/deps/chunk-JHSVYIJ7.js?v=12d3c268:16963:34)
    at commitPassiveMountOnFiber (http://localhost:3000/node_modules/.vite/deps/chunk-JHSVYIJ7.js?v=12d3c268:18206:19)
    at commitPassiveMountEffects_complete (http://localhost:3000/node_modules/.vite/deps/chunk-JHSVYIJ7.js?v=12d3c268:18179:17)
    at commitPassiveMountEffects_begin (http://localhost:3000/node_modules/.vite/deps/chunk-JHSVYIJ7.js?v=12d3c268:18169:15)
    at commitPassiveMountEffects (http://localhost:3000/node_modules/.vite/deps/chunk-JHSVYIJ7.js?v=12d3c268:18159:11)
    at flushPassiveEffectsImpl (http://localhost:3000/node_modules/.vite/deps/chunk-JHSVYIJ7.js?v=12d3c268:19543:11)
    at flushPassiveEffects (http://localhost:3000/node_modules/.vite/deps/chunk-JHSVYIJ7.js?v=12d3c268:19500:22)
    at http://localhost:3000/node_modules/.vite/deps/chunk-JHSVYIJ7.js?v=12d3c268:19381:17
    at workLoop (http://localhost:3000/node_modules/.vite/deps/chunk-JHSVYIJ7.js?v=12d3c268:197:42)
    at flushWork (http://localhost:3000/node_modules/.vite/deps/chunk-JHSVYIJ7.js?v=12d3c268:176:22)
    at MessagePort.performWorkUntilDeadline (http://localhost:3000/node_modules/.vite/deps/chunk-JHSVYIJ7.js?v=12d3c268:384:29) @ http://localhost:3000/src/components/dropdowns/CorpusDropdown.tsx:32
[    1777ms] [ERROR] Access to fetch at 'http://localhost:8000/api/corpuses' from origin 'http://localhost:3000' has been blocked by CORS policy: No 'Access-Control-Allow-Origin' header is present on the requested resource. @ http://localhost:3000/:0
[    1777ms] [ERROR] Failed to load resource: net::ERR_FAILED @ http://localhost:8000/api/corpuses:0
[    1777ms] [ERROR] API request failed: http://localhost:8000/api/corpuses TypeError: Failed to fetch
    at apiFetch (http://localhost:3000/src/services/api.ts:5:28)
    at listCorpuses (http://localhost:3000/src/services/api.ts:46:10)
    at loadCorpuses (http://localhost:3000/src/components/dropdowns/CorpusDropdown.tsx:30:28)
    at http://localhost:3000/src/components/dropdowns/CorpusDropdown.tsx:38:5
    at commitHookEffectListMount (http://localhost:3000/node_modules/.vite/deps/chunk-JHSVYIJ7.js?v=12d3c268:16963:34)
    at invokePassiveEffectMountInDEV (http://localhost:3000/node_modules/.vite/deps/chunk-JHSVYIJ7.js?v=12d3c268:18374:19)
    at invokeEffectsInDev (http://localhost:3000/node_modules/.vite/deps/chunk-JHSVYIJ7.js?v=12d3c268:19754:19)
    at commitDoubleInvokeEffectsInDEV (http://localhost:3000/node_modules/.vite/deps/chunk-JHSVYIJ7.js?v=12d3c268:19739:15)
    at flushPassiveEffectsImpl (http://localhost:3000/node_modules/.vite/deps/chunk-JHSVYIJ7.js?v=12d3c268:19556:13)
    at flushPassiveEffects (http://localhost:3000/node_modules/.vite/deps/chunk-JHSVYIJ7.js?v=12d3c268:19500:22)
    at http://localhost:3000/node_modules/.vite/deps/chunk-JHSVYIJ7.js?v=12d3c268:19381:17
    at workLoop (http://localhost:3000/node_modules/.vite/deps/chunk-JHSVYIJ7.js?v=12d3c268:197:42)
    at flushWork (http://localhost:3000/node_modules/.vite/deps/chunk-JHSVYIJ7.js?v=12d3c268:176:22)
    at MessagePort.performWorkUntilDeadline (http://localhost:3000/node_modules/.vite/deps/chunk-JHSVYIJ7.js?v=12d3c268:384:29) @ http://localhost:3000/src/services/api.ts:17
[    1777ms] [ERROR] Failed to load corpuses: TypeError: Failed to fetch
    at apiFetch (http://localhost:3000/src/services/api.ts:5:28)
    at listCorpuses (http://localhost:3000/src/services/api.ts:46:10)
    at loadCorpuses (http://localhost:3000/src/components/dropdowns/CorpusDropdown.tsx:30:28)
    at http://localhost:3000/src/components/dropdowns/CorpusDropdown.tsx:38:5
    at commitHookEffectListMount (http://localhost:3000/node_modules/.vite/deps/chunk-JHSVYIJ7.js?v=12d3c268:16963:34)
    at invokePassiveEffectMountInDEV (http://localhost:3000/node_modules/.vite/deps/chunk-JHSVYIJ7.js?v=12d3c268:18374:19)
    at invokeEffectsInDev (http://localhost:3000/node_modules/.vite/deps/chunk-JHSVYIJ7.js?v=12d3c268:19754:19)
    at commitDoubleInvokeEffectsInDEV (http://localhost:3000/node_modules/.vite/deps/chunk-JHSVYIJ7.js?v=12d3c268:19739:15)
    at flushPassiveEffectsImpl (http://localhost:3000/node_modules/.vite/deps/chunk-JHSVYIJ7.js?v=12d3c268:19556:13)
    at flushPassiveEffects (http://localhost:3000/node_modules/.vite/deps/chunk-JHSVYIJ7.js?v=12d3c268:19500:22)
    at http://localhost:3000/node_modules/.vite/deps/chunk-JHSVYIJ7.js?v=12d3c268:19381:17
    at workLoop (http://localhost:3000/node_modules/.vite/deps/chunk-JHSVYIJ7.js?v=12d3c268:197:42)
    at flushWork (http://localhost:3000/node_modules/.vite/deps/chunk-JHSVYIJ7.js?v=12d3c268:176:22)
    at MessagePort.performWorkUntilDeadline (http://localhost:3000/node_modules/.vite/deps/chunk-JHSVYIJ7.js?v=12d3c268:384:29) @ http://localhost:3000/src/components/dropdowns/CorpusDropdown.tsx:32
